Copyright 1986-2022 Xilinx, Inc. All Rights Reserved.
------------------------------------------------------------------------------------------------------------------------------------------------------------------------------------------------------
| Tool Version : Vivado v.2022.2 (win64) Build 3671981 Fri Oct 14 05:00:03 MDT 2022
| Date         : Thu Nov 28 15:41:13 2024
| Host         : RGWIN running 64-bit major release  (build 9200)
| Command      : report_timing_summary -max_paths 10 -report_unconstrained -file Top_timing_summary_routed.rpt -pb Top_timing_summary_routed.pb -rpx Top_timing_summary_routed.rpx -warn_on_violation
| Design       : Top
| Device       : 7a35t-cpg236
| Speed File   : -1  PRODUCTION 1.23 2018-06-13
------------------------------------------------------------------------------------------------------------------------------------------------------------------------------------------------------

Timing Summary Report

------------------------------------------------------------------------------------------------
| Timer Settings
| --------------
------------------------------------------------------------------------------------------------

  Enable Multi Corner Analysis               :  Yes
  Enable Pessimism Removal                   :  Yes
  Pessimism Removal Resolution               :  Nearest Common Node
  Enable Input Delay Default Clock           :  No
  Enable Preset / Clear Arcs                 :  No
  Disable Flight Delays                      :  No
  Ignore I/O Paths                           :  No
  Timing Early Launch at Borrowing Latches   :  No
  Borrow Time for Max Delay Exceptions       :  Yes
  Merge Timing Exceptions                    :  Yes

  Corner  Analyze    Analyze    
  Name    Max Paths  Min Paths  
  ------  ---------  ---------  
  Slow    Yes        Yes        
  Fast    Yes        Yes        


------------------------------------------------------------------------------------------------
| Report Methodology
| ------------------
------------------------------------------------------------------------------------------------

Rule       Severity          Description                  Violations  
---------  ----------------  ---------------------------  ----------  
TIMING-17  Critical Warning  Non-clocked sequential cell  127         

Note: This report is based on the most recent report_methodology run and may not be up-to-date. Run report_methodology on the current design for the latest report.



check_timing report

Table of Contents
-----------------
1. checking no_clock (127)
2. checking constant_clock (0)
3. checking pulse_width_clock (0)
4. checking unconstrained_internal_endpoints (204)
5. checking no_input_delay (4)
6. checking no_output_delay (7)
7. checking multiple_clock (0)
8. checking generated_clocks (0)
9. checking loops (0)
10. checking partial_input_delay (0)
11. checking partial_output_delay (0)
12. checking latch_loops (0)

1. checking no_clock (127)
--------------------------
 There are 127 register/latch pins with no clock driven by root clock pin: clk (HIGH)


2. checking constant_clock (0)
------------------------------
 There are 0 register/latch pins with constant_clock.


3. checking pulse_width_clock (0)
---------------------------------
 There are 0 register/latch pins which need pulse_width check


4. checking unconstrained_internal_endpoints (204)
--------------------------------------------------
 There are 204 pins that are not constrained for maximum delay. (HIGH)

 There are 0 pins that are not constrained for maximum delay due to constant clock.


5. checking no_input_delay (4)
------------------------------
 There are 4 input ports with no input delay specified. (HIGH)

 There are 0 input ports with no input delay but user has a false path constraint.


6. checking no_output_delay (7)
-------------------------------
 There are 7 ports with no output delay specified. (HIGH)

 There are 0 ports with no output delay but user has a false path constraint

 There are 0 ports with no output delay but with a timing clock defined on it or propagating through it


7. checking multiple_clock (0)
------------------------------
 There are 0 register/latch pins with multiple clocks.


8. checking generated_clocks (0)
--------------------------------
 There are 0 generated clocks that are not connected to a clock source.


9. checking loops (0)
---------------------
 There are 0 combinational loops in the design.


10. checking partial_input_delay (0)
------------------------------------
 There are 0 input ports with partial input delay specified.


11. checking partial_output_delay (0)
-------------------------------------
 There are 0 ports with partial output delay specified.


12. checking latch_loops (0)
----------------------------
 There are 0 combinational latch loops in the design through latch input



------------------------------------------------------------------------------------------------
| Design Timing Summary
| ---------------------
------------------------------------------------------------------------------------------------

    WNS(ns)      TNS(ns)  TNS Failing Endpoints  TNS Total Endpoints      WHS(ns)      THS(ns)  THS Failing Endpoints  THS Total Endpoints     WPWS(ns)     TPWS(ns)  TPWS Failing Endpoints  TPWS Total Endpoints  
    -------      -------  ---------------------  -------------------      -------      -------  ---------------------  -------------------     --------     --------  ----------------------  --------------------  
        inf        0.000                      0                  214          inf        0.000                      0                  214           NA           NA                      NA                    NA  


There are no user specified timing constraints.


------------------------------------------------------------------------------------------------
| Clock Summary
| -------------
------------------------------------------------------------------------------------------------


------------------------------------------------------------------------------------------------
| Intra Clock Table
| -----------------
------------------------------------------------------------------------------------------------

Clock             WNS(ns)      TNS(ns)  TNS Failing Endpoints  TNS Total Endpoints      WHS(ns)      THS(ns)  THS Failing Endpoints  THS Total Endpoints     WPWS(ns)     TPWS(ns)  TPWS Failing Endpoints  TPWS Total Endpoints  
-----             -------      -------  ---------------------  -------------------      -------      -------  ---------------------  -------------------     --------     --------  ----------------------  --------------------  


------------------------------------------------------------------------------------------------
| Inter Clock Table
| -----------------
------------------------------------------------------------------------------------------------

From Clock    To Clock          WNS(ns)      TNS(ns)  TNS Failing Endpoints  TNS Total Endpoints      WHS(ns)      THS(ns)  THS Failing Endpoints  THS Total Endpoints  
----------    --------          -------      -------  ---------------------  -------------------      -------      -------  ---------------------  -------------------  


------------------------------------------------------------------------------------------------
| Other Path Groups Table
| -----------------------
------------------------------------------------------------------------------------------------

Path Group    From Clock    To Clock          WNS(ns)      TNS(ns)  TNS Failing Endpoints  TNS Total Endpoints      WHS(ns)      THS(ns)  THS Failing Endpoints  THS Total Endpoints  
----------    ----------    --------          -------      -------  ---------------------  -------------------      -------      -------  ---------------------  -------------------  


------------------------------------------------------------------------------------------------
| User Ignored Path Table
| -----------------------
------------------------------------------------------------------------------------------------

Path Group    From Clock    To Clock    
----------    ----------    --------    


------------------------------------------------------------------------------------------------
| Unconstrained Path Table
| ------------------------
------------------------------------------------------------------------------------------------

Path Group    From Clock    To Clock    
----------    ----------    --------    
(none)                                    


------------------------------------------------------------------------------------------------
| Timing Details
| --------------
------------------------------------------------------------------------------------------------


--------------------------------------------------------------------------------------
Path Group:  (none)
From Clock:  
  To Clock:  

Max Delay           214 Endpoints
Min Delay           214 Endpoints
--------------------------------------------------------------------------------------


Max Delay Paths
--------------------------------------------------------------------------------------
Slack:                    inf
  Source:                 stop_b
                            (input port)
  Destination:            left[0]
                            (output port)
  Path Group:             (none)
  Path Type:              Max at Slow Process Corner
  Data Path Delay:        12.336ns  (logic 5.312ns (43.059%)  route 7.024ns (56.941%))
  Logic Levels:           3  (IBUF=1 LUT5=1 OBUF=1)

    Location             Delay type                Incr(ns)  Path(ns)    Netlist Resource(s)
  -------------------------------------------------------------------    -------------------
    V17                                               0.000     0.000 f  stop_b (IN)
                         net (fo=0)                   0.000     0.000    stop_b
    V17                  IBUF (Prop_ibuf_I_O)         1.453     1.453 f  stop_b_IBUF_inst/O
                         net (fo=4, routed)           3.633     5.086    C/stop_b_IBUF
    SLICE_X10Y85         LUT5 (Prop_lut5_I0_O)        0.150     5.236 r  C/left_OBUF[0]_inst_i_1/O
                         net (fo=1, routed)           3.391     8.627    left_OBUF[0]
    C15                  OBUF (Prop_obuf_I_O)         3.709    12.336 r  left_OBUF[0]_inst/O
                         net (fo=0)                   0.000    12.336    left[0]
    C15                                                               r  left[0] (OUT)
  -------------------------------------------------------------------    -------------------

Slack:                    inf
  Source:                 stop_b
                            (input port)
  Destination:            right[1]
                            (output port)
  Path Group:             (none)
  Path Type:              Max at Slow Process Corner
  Data Path Delay:        12.221ns  (logic 5.314ns (43.479%)  route 6.908ns (56.521%))
  Logic Levels:           3  (IBUF=1 LUT5=1 OBUF=1)

    Location             Delay type                Incr(ns)  Path(ns)    Netlist Resource(s)
  -------------------------------------------------------------------    -------------------
    V17                                               0.000     0.000 f  stop_b (IN)
                         net (fo=0)                   0.000     0.000    stop_b
    V17                  IBUF (Prop_ibuf_I_O)         1.453     1.453 f  stop_b_IBUF_inst/O
                         net (fo=4, routed)           3.618     5.071    C/stop_b_IBUF
    SLICE_X11Y85         LUT5 (Prop_lut5_I4_O)        0.152     5.223 r  C/right_OBUF[1]_inst_i_1/O
                         net (fo=1, routed)           3.289     8.512    right_OBUF[1]
    K2                   OBUF (Prop_obuf_I_O)         3.709    12.221 r  right_OBUF[1]_inst/O
                         net (fo=0)                   0.000    12.221    right[1]
    K2                                                                r  right[1] (OUT)
  -------------------------------------------------------------------    -------------------

Slack:                    inf
  Source:                 left_signal
                            (input port)
  Destination:            LED_L
                            (output port)
  Path Group:             (none)
  Path Type:              Max at Slow Process Corner
  Data Path Delay:        12.206ns  (logic 4.963ns (40.657%)  route 7.243ns (59.343%))
  Logic Levels:           2  (IBUF=1 OBUF=1)

    Location             Delay type                Incr(ns)  Path(ns)    Netlist Resource(s)
  -------------------------------------------------------------------    -------------------
    M1                                                0.000     0.000 r  left_signal (IN)
                         net (fo=0)                   0.000     0.000    left_signal
    M1                   IBUF (Prop_ibuf_I_O)         1.456     1.456 r  left_signal_IBUF_inst/O
                         net (fo=3, routed)           7.243     8.700    LED_L_OBUF
    U14                  OBUF (Prop_obuf_I_O)         3.506    12.206 r  LED_L_OBUF_inst/O
                         net (fo=0)                   0.000    12.206    LED_L
    U14                                                               r  LED_L (OUT)
  -------------------------------------------------------------------    -------------------

Slack:                    inf
  Source:                 stop_b
                            (input port)
  Destination:            right[0]
                            (output port)
  Path Group:             (none)
  Path Type:              Max at Slow Process Corner
  Data Path Delay:        12.205ns  (logic 5.086ns (41.667%)  route 7.120ns (58.333%))
  Logic Levels:           3  (IBUF=1 LUT5=1 OBUF=1)

    Location             Delay type                Incr(ns)  Path(ns)    Netlist Resource(s)
  -------------------------------------------------------------------    -------------------
    V17                                               0.000     0.000 f  stop_b (IN)
                         net (fo=0)                   0.000     0.000    stop_b
    V17                  IBUF (Prop_ibuf_I_O)         1.453     1.453 f  stop_b_IBUF_inst/O
                         net (fo=4, routed)           3.618     5.071    C/stop_b_IBUF
    SLICE_X11Y85         LUT5 (Prop_lut5_I0_O)        0.124     5.195 r  C/right_OBUF[0]_inst_i_1/O
                         net (fo=1, routed)           3.501     8.697    right_OBUF[0]
    H2                   OBUF (Prop_obuf_I_O)         3.509    12.205 r  right_OBUF[0]_inst/O
                         net (fo=0)                   0.000    12.205    right[0]
    H2                                                                r  right[0] (OUT)
  -------------------------------------------------------------------    -------------------

Slack:                    inf
  Source:                 mid_signal
                            (input port)
  Destination:            LED_M
                            (output port)
  Path Group:             (none)
  Path Type:              Max at Slow Process Corner
  Data Path Delay:        11.984ns  (logic 4.958ns (41.372%)  route 7.026ns (58.628%))
  Logic Levels:           2  (IBUF=1 OBUF=1)

    Location             Delay type                Incr(ns)  Path(ns)    Netlist Resource(s)
  -------------------------------------------------------------------    -------------------
    M3                                                0.000     0.000 r  mid_signal (IN)
                         net (fo=0)                   0.000     0.000    mid_signal
    M3                   IBUF (Prop_ibuf_I_O)         1.457     1.457 r  mid_signal_IBUF_inst/O
                         net (fo=3, routed)           7.026     8.484    LED_M_OBUF
    V14                  OBUF (Prop_obuf_I_O)         3.501    11.984 r  LED_M_OBUF_inst/O
                         net (fo=0)                   0.000    11.984    LED_M
    V14                                                               r  LED_M (OUT)
  -------------------------------------------------------------------    -------------------

Slack:                    inf
  Source:                 stop_b
                            (input port)
  Destination:            left[1]
                            (output port)
  Path Group:             (none)
  Path Type:              Max at Slow Process Corner
  Data Path Delay:        11.576ns  (logic 5.085ns (43.926%)  route 6.491ns (56.074%))
  Logic Levels:           3  (IBUF=1 LUT5=1 OBUF=1)

    Location             Delay type                Incr(ns)  Path(ns)    Netlist Resource(s)
  -------------------------------------------------------------------    -------------------
    V17                                               0.000     0.000 f  stop_b (IN)
                         net (fo=0)                   0.000     0.000    stop_b
    V17                  IBUF (Prop_ibuf_I_O)         1.453     1.453 f  stop_b_IBUF_inst/O
                         net (fo=4, routed)           3.633     5.086    C/stop_b_IBUF
    SLICE_X10Y85         LUT5 (Prop_lut5_I4_O)        0.124     5.210 r  C/left_OBUF[1]_inst_i_1/O
                         net (fo=1, routed)           2.858     8.068    left_OBUF[1]
    A17                  OBUF (Prop_obuf_I_O)         3.508    11.576 r  left_OBUF[1]_inst/O
                         net (fo=0)                   0.000    11.576    left[1]
    A17                                                               r  left[1] (OUT)
  -------------------------------------------------------------------    -------------------

Slack:                    inf
  Source:                 right_signal
                            (input port)
  Destination:            LED_R
                            (output port)
  Path Group:             (none)
  Path Type:              Max at Slow Process Corner
  Data Path Delay:        10.910ns  (logic 4.960ns (45.458%)  route 5.951ns (54.542%))
  Logic Levels:           2  (IBUF=1 OBUF=1)

    Location             Delay type                Incr(ns)  Path(ns)    Netlist Resource(s)
  -------------------------------------------------------------------    -------------------
    K3                                                0.000     0.000 r  right_signal (IN)
                         net (fo=0)                   0.000     0.000    right_signal
    K3                   IBUF (Prop_ibuf_I_O)         1.456     1.456 r  right_signal_IBUF_inst/O
                         net (fo=3, routed)           5.951     7.406    LED_R_OBUF
    V13                  OBUF (Prop_obuf_I_O)         3.504    10.910 r  LED_R_OBUF_inst/O
                         net (fo=0)                   0.000    10.910    LED_R
    V13                                                               r  LED_R (OUT)
  -------------------------------------------------------------------    -------------------

Slack:                    inf
  Source:                 A/m0/pwm_0/count_duty0/CLK
                            (rising edge-triggered cell DSP48E1)
  Destination:            A/m0/pwm_0/PWM_reg/D
  Path Group:             (none)
  Path Type:              Max at Slow Process Corner
  Data Path Delay:        7.516ns  (logic 5.205ns (69.252%)  route 2.311ns (30.748%))
  Logic Levels:           5  (CARRY4=2 DSP48E1=1 LUT4=1 LUT6=1)

    Location             Delay type                Incr(ns)  Path(ns)    Netlist Resource(s)
  -------------------------------------------------------------------    -------------------
    DSP48_X0Y34          DSP48E1                      0.000     0.000 r  A/m0/pwm_0/count_duty0/CLK
    DSP48_X0Y34          DSP48E1 (Prop_dsp48e1_CLK_P[20])
                                                      4.009     4.009 r  A/m0/pwm_0/count_duty0/P[20]
                         net (fo=2, routed)           1.337     5.346    A/m0/pwm_0/count_duty0_n_85
    SLICE_X12Y89         LUT4 (Prop_lut4_I2_O)        0.124     5.470 r  A/m0/pwm_0/PWM0_carry__0_i_7/O
                         net (fo=1, routed)           0.000     5.470    A/m0/pwm_0/PWM0_carry__0_i_7_n_0
    SLICE_X12Y89         CARRY4 (Prop_carry4_S[1]_CO[3])
                                                      0.533     6.003 r  A/m0/pwm_0/PWM0_carry__0/CO[3]
                         net (fo=1, routed)           0.000     6.003    A/m0/pwm_0/PWM0_carry__0_n_0
    SLICE_X12Y90         CARRY4 (Prop_carry4_CI_CO[2])
                                                      0.229     6.232 r  A/m0/pwm_0/PWM0_carry__1/CO[2]
                         net (fo=1, routed)           0.974     7.206    A/m0/pwm_0/PWM0_carry__1_n_1
    SLICE_X10Y89         LUT6 (Prop_lut6_I5_O)        0.310     7.516 r  A/m0/pwm_0/PWM_i_1/O
                         net (fo=1, routed)           0.000     7.516    A/m0/pwm_0/PWM_i_1_n_0
    SLICE_X10Y89         FDCE                                         r  A/m0/pwm_0/PWM_reg/D
  -------------------------------------------------------------------    -------------------

Slack:                    inf
  Source:                 A/m1/pwm_0/count_duty0/CLK
                            (rising edge-triggered cell DSP48E1)
  Destination:            A/m1/pwm_0/PWM_reg/D
  Path Group:             (none)
  Path Type:              Max at Slow Process Corner
  Data Path Delay:        7.440ns  (logic 5.322ns (71.531%)  route 2.118ns (28.469%))
  Logic Levels:           6  (CARRY4=3 DSP48E1=1 LUT4=1 LUT6=1)

    Location             Delay type                Incr(ns)  Path(ns)    Netlist Resource(s)
  -------------------------------------------------------------------    -------------------
    DSP48_X0Y35          DSP48E1                      0.000     0.000 r  A/m1/pwm_0/count_duty0/CLK
    DSP48_X0Y35          DSP48E1 (Prop_dsp48e1_CLK_P[12])
                                                      4.009     4.009 r  A/m1/pwm_0/count_duty0/P[12]
                         net (fo=2, routed)           1.301     5.310    A/m1/pwm_0/count_duty0_n_93
    SLICE_X12Y85         LUT4 (Prop_lut4_I2_O)        0.124     5.434 r  A/m1/pwm_0/PWM0_carry_i_7__0/O
                         net (fo=1, routed)           0.000     5.434    A/m1/pwm_0/PWM0_carry_i_7__0_n_0
    SLICE_X12Y85         CARRY4 (Prop_carry4_S[1]_CO[3])
                                                      0.533     5.967 r  A/m1/pwm_0/PWM0_carry/CO[3]
                         net (fo=1, routed)           0.000     5.967    A/m1/pwm_0/PWM0_carry_n_0
    SLICE_X12Y86         CARRY4 (Prop_carry4_CI_CO[3])
                                                      0.117     6.084 r  A/m1/pwm_0/PWM0_carry__0/CO[3]
                         net (fo=1, routed)           0.000     6.084    A/m1/pwm_0/PWM0_carry__0_n_0
    SLICE_X12Y87         CARRY4 (Prop_carry4_CI_CO[2])
                                                      0.229     6.313 r  A/m1/pwm_0/PWM0_carry__1/CO[2]
                         net (fo=1, routed)           0.817     7.130    A/m1/pwm_0/PWM0_carry__1_n_1
    SLICE_X14Y86         LUT6 (Prop_lut6_I5_O)        0.310     7.440 r  A/m1/pwm_0/PWM_i_1__0/O
                         net (fo=1, routed)           0.000     7.440    A/m1/pwm_0/PWM_i_1__0_n_0
    SLICE_X14Y86         FDCE                                         r  A/m1/pwm_0/PWM_reg/D
  -------------------------------------------------------------------    -------------------

Slack:                    inf
  Source:                 A/m1/pwm_0/PWM_reg/C
                            (rising edge-triggered cell FDCE)
  Destination:            right_motor
                            (output port)
  Path Group:             (none)
  Path Type:              Max at Slow Process Corner
  Data Path Delay:        7.267ns  (logic 4.023ns (55.357%)  route 3.244ns (44.643%))
  Logic Levels:           2  (FDCE=1 OBUF=1)

    Location             Delay type                Incr(ns)  Path(ns)    Netlist Resource(s)
  -------------------------------------------------------------------    -------------------
    SLICE_X14Y86         FDCE                         0.000     0.000 r  A/m1/pwm_0/PWM_reg/C
    SLICE_X14Y86         FDCE (Prop_fdce_C_Q)         0.518     0.518 r  A/m1/pwm_0/PWM_reg/Q
                         net (fo=1, routed)           3.244     3.762    right_motor_OBUF
    H1                   OBUF (Prop_obuf_I_O)         3.505     7.267 r  right_motor_OBUF_inst/O
                         net (fo=0)                   0.000     7.267    right_motor
    H1                                                                r  right_motor (OUT)
  -------------------------------------------------------------------    -------------------





Min Delay Paths
--------------------------------------------------------------------------------------
Slack:                    inf
  Source:                 C/DB2/DFF_reg[9]/C
                            (rising edge-triggered cell FDRE)
  Destination:            C/DB2/DFF_reg[10]/D
  Path Group:             (none)
  Path Type:              Min at Fast Process Corner
  Data Path Delay:        0.227ns  (logic 0.128ns (56.286%)  route 0.099ns (43.714%))
  Logic Levels:           1  (FDRE=1)

    Location             Delay type                Incr(ns)  Path(ns)    Netlist Resource(s)
  -------------------------------------------------------------------    -------------------
    SLICE_X9Y84          FDRE                         0.000     0.000 r  C/DB2/DFF_reg[9]/C
    SLICE_X9Y84          FDRE (Prop_fdre_C_Q)         0.128     0.128 r  C/DB2/DFF_reg[9]/Q
                         net (fo=2, routed)           0.099     0.227    C/DB2/DFF_reg_n_0_[9]
    SLICE_X9Y84          FDRE                                         r  C/DB2/DFF_reg[10]/D
  -------------------------------------------------------------------    -------------------

Slack:                    inf
  Source:                 C/DB1/DFF_reg[8]/C
                            (rising edge-triggered cell FDRE)
  Destination:            C/DB1/DFF_reg[9]/D
  Path Group:             (none)
  Path Type:              Min at Fast Process Corner
  Data Path Delay:        0.258ns  (logic 0.128ns (49.525%)  route 0.130ns (50.475%))
  Logic Levels:           1  (FDRE=1)

    Location             Delay type                Incr(ns)  Path(ns)    Netlist Resource(s)
  -------------------------------------------------------------------    -------------------
    SLICE_X9Y82          FDRE                         0.000     0.000 r  C/DB1/DFF_reg[8]/C
    SLICE_X9Y82          FDRE (Prop_fdre_C_Q)         0.128     0.128 r  C/DB1/DFF_reg[8]/Q
                         net (fo=2, routed)           0.130     0.258    C/DB1/DFF_reg_n_0_[8]
    SLICE_X10Y82         FDRE                                         r  C/DB1/DFF_reg[9]/D
  -------------------------------------------------------------------    -------------------

Slack:                    inf
  Source:                 C/DB0/DFF_reg[4]/C
                            (rising edge-triggered cell FDRE)
  Destination:            C/DB0/DFF_reg[5]/D
  Path Group:             (none)
  Path Type:              Min at Fast Process Corner
  Data Path Delay:        0.259ns  (logic 0.128ns (49.441%)  route 0.131ns (50.559%))
  Logic Levels:           1  (FDRE=1)

    Location             Delay type                Incr(ns)  Path(ns)    Netlist Resource(s)
  -------------------------------------------------------------------    -------------------
    SLICE_X11Y83         FDRE                         0.000     0.000 r  C/DB0/DFF_reg[4]/C
    SLICE_X11Y83         FDRE (Prop_fdre_C_Q)         0.128     0.128 r  C/DB0/DFF_reg[4]/Q
                         net (fo=2, routed)           0.131     0.259    C/DB0/DFF_reg_n_0_[4]
    SLICE_X11Y83         FDRE                                         r  C/DB0/DFF_reg[5]/D
  -------------------------------------------------------------------    -------------------

Slack:                    inf
  Source:                 C/DB1/DFF_reg[17]/C
                            (rising edge-triggered cell FDRE)
  Destination:            C/DB1/DFF_reg[18]/D
  Path Group:             (none)
  Path Type:              Min at Fast Process Corner
  Data Path Delay:        0.259ns  (logic 0.128ns (49.441%)  route 0.131ns (50.559%))
  Logic Levels:           1  (FDRE=1)

    Location             Delay type                Incr(ns)  Path(ns)    Netlist Resource(s)
  -------------------------------------------------------------------    -------------------
    SLICE_X11Y82         FDRE                         0.000     0.000 r  C/DB1/DFF_reg[17]/C
    SLICE_X11Y82         FDRE (Prop_fdre_C_Q)         0.128     0.128 r  C/DB1/DFF_reg[17]/Q
                         net (fo=2, routed)           0.131     0.259    C/DB1/DFF_reg_n_0_[17]
    SLICE_X11Y82         FDRE                                         r  C/DB1/DFF_reg[18]/D
  -------------------------------------------------------------------    -------------------

Slack:                    inf
  Source:                 C/DB0/DFF_reg[5]/C
                            (rising edge-triggered cell FDRE)
  Destination:            C/DB0/DFF_reg[6]/D
  Path Group:             (none)
  Path Type:              Min at Fast Process Corner
  Data Path Delay:        0.262ns  (logic 0.128ns (48.842%)  route 0.134ns (51.158%))
  Logic Levels:           1  (FDRE=1)

    Location             Delay type                Incr(ns)  Path(ns)    Netlist Resource(s)
  -------------------------------------------------------------------    -------------------
    SLICE_X11Y83         FDRE                         0.000     0.000 r  C/DB0/DFF_reg[5]/C
    SLICE_X11Y83         FDRE (Prop_fdre_C_Q)         0.128     0.128 r  C/DB0/DFF_reg[5]/Q
                         net (fo=2, routed)           0.134     0.262    C/DB0/DFF_reg_n_0_[5]
    SLICE_X11Y83         FDRE                                         r  C/DB0/DFF_reg[6]/D
  -------------------------------------------------------------------    -------------------

Slack:                    inf
  Source:                 C/DB1/DFF_reg[18]/C
                            (rising edge-triggered cell FDRE)
  Destination:            C/DB1/DFF_reg[19]/D
  Path Group:             (none)
  Path Type:              Min at Fast Process Corner
  Data Path Delay:        0.262ns  (logic 0.128ns (48.842%)  route 0.134ns (51.158%))
  Logic Levels:           1  (FDRE=1)

    Location             Delay type                Incr(ns)  Path(ns)    Netlist Resource(s)
  -------------------------------------------------------------------    -------------------
    SLICE_X11Y82         FDRE                         0.000     0.000 r  C/DB1/DFF_reg[18]/C
    SLICE_X11Y82         FDRE (Prop_fdre_C_Q)         0.128     0.128 r  C/DB1/DFF_reg[18]/Q
                         net (fo=2, routed)           0.134     0.262    C/DB1/DFF_reg_n_0_[18]
    SLICE_X11Y82         FDRE                                         r  C/DB1/DFF_reg[19]/D
  -------------------------------------------------------------------    -------------------

Slack:                    inf
  Source:                 C/DB2/DFF_reg[8]/C
                            (rising edge-triggered cell FDRE)
  Destination:            C/DB2/DFF_reg[9]/D
  Path Group:             (none)
  Path Type:              Min at Fast Process Corner
  Data Path Delay:        0.262ns  (logic 0.128ns (48.842%)  route 0.134ns (51.158%))
  Logic Levels:           1  (FDRE=1)

    Location             Delay type                Incr(ns)  Path(ns)    Netlist Resource(s)
  -------------------------------------------------------------------    -------------------
    SLICE_X9Y84          FDRE                         0.000     0.000 r  C/DB2/DFF_reg[8]/C
    SLICE_X9Y84          FDRE (Prop_fdre_C_Q)         0.128     0.128 r  C/DB2/DFF_reg[8]/Q
                         net (fo=2, routed)           0.134     0.262    C/DB2/DFF_reg_n_0_[8]
    SLICE_X9Y84          FDRE                                         r  C/DB2/DFF_reg[9]/D
  -------------------------------------------------------------------    -------------------

Slack:                    inf
  Source:                 C/DB2/DFF_reg[10]/C
                            (rising edge-triggered cell FDRE)
  Destination:            C/DB2/DFF_reg[11]/D
  Path Group:             (none)
  Path Type:              Min at Fast Process Corner
  Data Path Delay:        0.262ns  (logic 0.141ns (53.794%)  route 0.121ns (46.206%))
  Logic Levels:           1  (FDRE=1)

    Location             Delay type                Incr(ns)  Path(ns)    Netlist Resource(s)
  -------------------------------------------------------------------    -------------------
    SLICE_X9Y84          FDRE                         0.000     0.000 r  C/DB2/DFF_reg[10]/C
    SLICE_X9Y84          FDRE (Prop_fdre_C_Q)         0.141     0.141 r  C/DB2/DFF_reg[10]/Q
                         net (fo=2, routed)           0.121     0.262    C/DB2/DFF_reg_n_0_[10]
    SLICE_X9Y83          FDRE                                         r  C/DB2/DFF_reg[11]/D
  -------------------------------------------------------------------    -------------------

Slack:                    inf
  Source:                 C/DB2/DFF_reg[7]/C
                            (rising edge-triggered cell FDRE)
  Destination:            C/DB2/DFF_reg[8]/D
  Path Group:             (none)
  Path Type:              Min at Fast Process Corner
  Data Path Delay:        0.263ns  (logic 0.128ns (48.640%)  route 0.135ns (51.360%))
  Logic Levels:           1  (FDRE=1)

    Location             Delay type                Incr(ns)  Path(ns)    Netlist Resource(s)
  -------------------------------------------------------------------    -------------------
    SLICE_X9Y84          FDRE                         0.000     0.000 r  C/DB2/DFF_reg[7]/C
    SLICE_X9Y84          FDRE (Prop_fdre_C_Q)         0.128     0.128 r  C/DB2/DFF_reg[7]/Q
                         net (fo=2, routed)           0.135     0.263    C/DB2/DFF_reg_n_0_[7]
    SLICE_X9Y84          FDRE                                         r  C/DB2/DFF_reg[8]/D
  -------------------------------------------------------------------    -------------------

Slack:                    inf
  Source:                 C/DB0/DFF_reg[2]/C
                            (rising edge-triggered cell FDRE)
  Destination:            C/DB0/DFF_reg[3]/D
  Path Group:             (none)
  Path Type:              Min at Fast Process Corner
  Data Path Delay:        0.265ns  (logic 0.141ns (53.235%)  route 0.124ns (46.765%))
  Logic Levels:           1  (FDRE=1)

    Location             Delay type                Incr(ns)  Path(ns)    Netlist Resource(s)
  -------------------------------------------------------------------    -------------------
    SLICE_X11Y83         FDRE                         0.000     0.000 r  C/DB0/DFF_reg[2]/C
    SLICE_X11Y83         FDRE (Prop_fdre_C_Q)         0.141     0.141 r  C/DB0/DFF_reg[2]/Q
                         net (fo=2, routed)           0.124     0.265    C/DB0/DFF_reg_n_0_[2]
    SLICE_X11Y83         FDRE                                         r  C/DB0/DFF_reg[3]/D
  -------------------------------------------------------------------    -------------------





